---
source: tests/snapshot_codegen.rs
expression: output
---
function add(a: number, b: number): number {
  return a + b;
}

function multiply(a: number, b: number): number {
  return a * b;
}

function map(arr: Array<number>, f: (_p0: number) => number): Array<number> {
  return arr;
}

const _addTen = (_x) => add(10, _x);

const _items = [1, 2, 3].map((_x) => multiply(_x, 2));
