---
source: tests/snapshot_codegen.rs
expression: output
---
type Color = { r: number; g: number; b: number };

function display(self: Color): string {
  return `Color(r: ${self.r}, g: ${self.g}, b: ${self.b})`;
}

type User = { id: string; name: string; email: string };

function display(self: User): string {
  return `User(id: ${self.id}, name: ${self.name}, email: ${self.email})`;
}
